2025-11-01 17:10:26,523 - utils.logger - INFO - Loading real estate knowledge base from real_estate_data.csv...
2025-11-01 17:10:26,672 - sentence_transformers.SentenceTransformer - INFO - Use pytorch device_name: mps
2025-11-01 17:10:26,673 - sentence_transformers.SentenceTransformer - INFO - Load pretrained SentenceTransformer: all-MiniLM-L6-v2
2025-11-01 17:10:37,856 - chromadb.telemetry.posthog - ERROR - Failed to send telemetry event ClientStartEvent: capture() takes 1 positional argument but 3 were given
2025-11-01 17:10:37,867 - chromadb.telemetry.posthog - ERROR - Failed to send telemetry event ClientCreateCollectionEvent: capture() takes 1 positional argument but 3 were given
2025-11-01 17:11:32,462 - chromadb.telemetry.posthog - ERROR - Failed to send telemetry event CollectionAddEvent: capture() takes 1 positional argument but 3 were given
2025-11-01 17:11:34,472 - chromadb.telemetry.posthog - ERROR - Failed to send telemetry event CollectionAddEvent: capture() takes 1 positional argument but 3 were given
2025-11-01 17:11:36,858 - chromadb.telemetry.posthog - ERROR - Failed to send telemetry event CollectionAddEvent: capture() takes 1 positional argument but 3 were given
2025-11-01 17:11:38,977 - chromadb.telemetry.posthog - ERROR - Failed to send telemetry event CollectionAddEvent: capture() takes 1 positional argument but 3 were given
2025-11-01 17:11:41,942 - chromadb.telemetry.posthog - ERROR - Failed to send telemetry event CollectionAddEvent: capture() takes 1 positional argument but 3 were given
2025-11-01 17:11:47,038 - chromadb.telemetry.posthog - ERROR - Failed to send telemetry event CollectionAddEvent: capture() takes 1 positional argument but 3 were given
2025-11-01 17:11:50,389 - chromadb.telemetry.posthog - ERROR - Failed to send telemetry event CollectionAddEvent: capture() takes 1 positional argument but 3 were given
2025-11-01 17:11:53,890 - chromadb.telemetry.posthog - ERROR - Failed to send telemetry event CollectionAddEvent: capture() takes 1 positional argument but 3 were given
2025-11-01 17:11:59,149 - chromadb.telemetry.posthog - ERROR - Failed to send telemetry event CollectionAddEvent: capture() takes 1 positional argument but 3 were given
2025-11-01 17:12:03,471 - chromadb.telemetry.posthog - ERROR - Failed to send telemetry event CollectionAddEvent: capture() takes 1 positional argument but 3 were given
2025-11-01 17:12:07,152 - chromadb.telemetry.posthog - ERROR - Failed to send telemetry event CollectionAddEvent: capture() takes 1 positional argument but 3 were given
2025-11-01 17:12:10,404 - chromadb.telemetry.posthog - ERROR - Failed to send telemetry event CollectionAddEvent: capture() takes 1 positional argument but 3 were given
2025-11-01 17:12:13,909 - chromadb.telemetry.posthog - ERROR - Failed to send telemetry event CollectionAddEvent: capture() takes 1 positional argument but 3 were given
2025-11-01 17:12:17,165 - chromadb.telemetry.posthog - ERROR - Failed to send telemetry event CollectionAddEvent: capture() takes 1 positional argument but 3 were given
2025-11-01 17:12:20,634 - chromadb.telemetry.posthog - ERROR - Failed to send telemetry event CollectionAddEvent: capture() takes 1 positional argument but 3 were given
2025-11-01 17:12:24,195 - chromadb.telemetry.posthog - ERROR - Failed to send telemetry event CollectionAddEvent: capture() takes 1 positional argument but 3 were given
2025-11-01 17:12:29,443 - chromadb.telemetry.posthog - ERROR - Failed to send telemetry event CollectionAddEvent: capture() takes 1 positional argument but 3 were given
2025-11-01 17:12:33,258 - chromadb.telemetry.posthog - ERROR - Failed to send telemetry event CollectionAddEvent: capture() takes 1 positional argument but 3 were given
2025-11-01 17:12:38,893 - chromadb.telemetry.posthog - ERROR - Failed to send telemetry event CollectionAddEvent: capture() takes 1 positional argument but 3 were given
2025-11-01 17:12:42,874 - chromadb.telemetry.posthog - ERROR - Failed to send telemetry event CollectionAddEvent: capture() takes 1 positional argument but 3 were given
2025-11-01 17:12:46,238 - chromadb.telemetry.posthog - ERROR - Failed to send telemetry event CollectionAddEvent: capture() takes 1 positional argument but 3 were given
2025-11-01 17:12:50,000 - chromadb.telemetry.posthog - ERROR - Failed to send telemetry event CollectionAddEvent: capture() takes 1 positional argument but 3 were given
2025-11-01 17:12:53,392 - chromadb.telemetry.posthog - ERROR - Failed to send telemetry event CollectionAddEvent: capture() takes 1 positional argument but 3 were given
2025-11-01 17:12:56,823 - chromadb.telemetry.posthog - ERROR - Failed to send telemetry event CollectionAddEvent: capture() takes 1 positional argument but 3 were given
2025-11-01 17:13:00,910 - chromadb.telemetry.posthog - ERROR - Failed to send telemetry event CollectionAddEvent: capture() takes 1 positional argument but 3 were given
2025-11-01 17:13:07,958 - chromadb.telemetry.posthog - ERROR - Failed to send telemetry event CollectionAddEvent: capture() takes 1 positional argument but 3 were given
2025-11-01 17:13:11,661 - chromadb.telemetry.posthog - ERROR - Failed to send telemetry event CollectionAddEvent: capture() takes 1 positional argument but 3 were given
2025-11-01 17:13:15,365 - chromadb.telemetry.posthog - ERROR - Failed to send telemetry event CollectionAddEvent: capture() takes 1 positional argument but 3 were given
2025-11-01 17:13:18,922 - chromadb.telemetry.posthog - ERROR - Failed to send telemetry event CollectionAddEvent: capture() takes 1 positional argument but 3 were given
2025-11-01 17:13:22,086 - chromadb.telemetry.posthog - ERROR - Failed to send telemetry event CollectionAddEvent: capture() takes 1 positional argument but 3 were given
2025-11-01 17:13:25,307 - chromadb.telemetry.posthog - ERROR - Failed to send telemetry event CollectionAddEvent: capture() takes 1 positional argument but 3 were given
2025-11-01 17:13:29,226 - chromadb.telemetry.posthog - ERROR - Failed to send telemetry event CollectionAddEvent: capture() takes 1 positional argument but 3 were given
2025-11-01 17:13:32,822 - chromadb.telemetry.posthog - ERROR - Failed to send telemetry event CollectionAddEvent: capture() takes 1 positional argument but 3 were given
2025-11-01 17:13:37,111 - chromadb.telemetry.posthog - ERROR - Failed to send telemetry event CollectionAddEvent: capture() takes 1 positional argument but 3 were given
2025-11-01 17:13:40,581 - chromadb.telemetry.posthog - ERROR - Failed to send telemetry event CollectionAddEvent: capture() takes 1 positional argument but 3 were given
2025-11-01 17:13:43,973 - chromadb.telemetry.posthog - ERROR - Failed to send telemetry event CollectionAddEvent: capture() takes 1 positional argument but 3 were given
2025-11-01 17:13:48,103 - chromadb.telemetry.posthog - ERROR - Failed to send telemetry event CollectionAddEvent: capture() takes 1 positional argument but 3 were given
2025-11-01 17:13:51,393 - chromadb.telemetry.posthog - ERROR - Failed to send telemetry event CollectionAddEvent: capture() takes 1 positional argument but 3 were given
2025-11-01 17:13:54,827 - chromadb.telemetry.posthog - ERROR - Failed to send telemetry event CollectionAddEvent: capture() takes 1 positional argument but 3 were given
2025-11-01 17:13:58,222 - chromadb.telemetry.posthog - ERROR - Failed to send telemetry event CollectionAddEvent: capture() takes 1 positional argument but 3 were given
2025-11-01 17:14:01,413 - chromadb.telemetry.posthog - ERROR - Failed to send telemetry event CollectionAddEvent: capture() takes 1 positional argument but 3 were given
2025-11-01 17:14:04,639 - chromadb.telemetry.posthog - ERROR - Failed to send telemetry event CollectionAddEvent: capture() takes 1 positional argument but 3 were given
2025-11-01 17:14:07,982 - chromadb.telemetry.posthog - ERROR - Failed to send telemetry event CollectionAddEvent: capture() takes 1 positional argument but 3 were given
2025-11-01 17:14:11,352 - chromadb.telemetry.posthog - ERROR - Failed to send telemetry event CollectionAddEvent: capture() takes 1 positional argument but 3 were given
2025-11-01 17:14:14,530 - chromadb.telemetry.posthog - ERROR - Failed to send telemetry event CollectionAddEvent: capture() takes 1 positional argument but 3 were given
2025-11-01 17:14:17,823 - chromadb.telemetry.posthog - ERROR - Failed to send telemetry event CollectionAddEvent: capture() takes 1 positional argument but 3 were given
2025-11-01 17:14:21,278 - chromadb.telemetry.posthog - ERROR - Failed to send telemetry event CollectionAddEvent: capture() takes 1 positional argument but 3 were given
2025-11-01 17:14:24,302 - chromadb.telemetry.posthog - ERROR - Failed to send telemetry event CollectionAddEvent: capture() takes 1 positional argument but 3 were given
2025-11-01 17:14:27,581 - chromadb.telemetry.posthog - ERROR - Failed to send telemetry event CollectionAddEvent: capture() takes 1 positional argument but 3 were given
2025-11-01 17:14:31,713 - chromadb.telemetry.posthog - ERROR - Failed to send telemetry event CollectionAddEvent: capture() takes 1 positional argument but 3 were given
2025-11-01 17:14:34,934 - chromadb.telemetry.posthog - ERROR - Failed to send telemetry event CollectionAddEvent: capture() takes 1 positional argument but 3 were given
2025-11-01 17:14:38,282 - chromadb.telemetry.posthog - ERROR - Failed to send telemetry event CollectionAddEvent: capture() takes 1 positional argument but 3 were given
2025-11-01 17:14:41,449 - chromadb.telemetry.posthog - ERROR - Failed to send telemetry event CollectionAddEvent: capture() takes 1 positional argument but 3 were given
2025-11-01 17:14:44,559 - chromadb.telemetry.posthog - ERROR - Failed to send telemetry event CollectionAddEvent: capture() takes 1 positional argument but 3 were given
2025-11-01 17:14:47,915 - chromadb.telemetry.posthog - ERROR - Failed to send telemetry event CollectionAddEvent: capture() takes 1 positional argument but 3 were given
2025-11-01 17:14:51,100 - chromadb.telemetry.posthog - ERROR - Failed to send telemetry event CollectionAddEvent: capture() takes 1 positional argument but 3 were given
2025-11-01 17:14:54,172 - chromadb.telemetry.posthog - ERROR - Failed to send telemetry event CollectionAddEvent: capture() takes 1 positional argument but 3 were given
2025-11-01 17:14:57,500 - chromadb.telemetry.posthog - ERROR - Failed to send telemetry event CollectionAddEvent: capture() takes 1 positional argument but 3 were given
2025-11-01 17:15:00,930 - chromadb.telemetry.posthog - ERROR - Failed to send telemetry event CollectionAddEvent: capture() takes 1 positional argument but 3 were given
2025-11-01 17:15:04,151 - chromadb.telemetry.posthog - ERROR - Failed to send telemetry event CollectionAddEvent: capture() takes 1 positional argument but 3 were given
2025-11-01 17:15:07,816 - chromadb.telemetry.posthog - ERROR - Failed to send telemetry event CollectionAddEvent: capture() takes 1 positional argument but 3 were given
2025-11-01 17:15:11,127 - chromadb.telemetry.posthog - ERROR - Failed to send telemetry event CollectionAddEvent: capture() takes 1 positional argument but 3 were given
2025-11-01 17:15:14,247 - chromadb.telemetry.posthog - ERROR - Failed to send telemetry event CollectionAddEvent: capture() takes 1 positional argument but 3 were given
2025-11-01 17:15:17,640 - chromadb.telemetry.posthog - ERROR - Failed to send telemetry event CollectionAddEvent: capture() takes 1 positional argument but 3 were given
2025-11-01 17:15:21,543 - chromadb.telemetry.posthog - ERROR - Failed to send telemetry event CollectionAddEvent: capture() takes 1 positional argument but 3 were given
2025-11-01 17:15:26,293 - chromadb.telemetry.posthog - ERROR - Failed to send telemetry event CollectionAddEvent: capture() takes 1 positional argument but 3 were given
2025-11-01 17:15:32,437 - chromadb.telemetry.posthog - ERROR - Failed to send telemetry event CollectionAddEvent: capture() takes 1 positional argument but 3 were given
2025-11-01 17:15:36,132 - chromadb.telemetry.posthog - ERROR - Failed to send telemetry event CollectionAddEvent: capture() takes 1 positional argument but 3 were given
2025-11-01 17:15:39,908 - chromadb.telemetry.posthog - ERROR - Failed to send telemetry event CollectionAddEvent: capture() takes 1 positional argument but 3 were given
2025-11-01 17:15:45,243 - chromadb.telemetry.posthog - ERROR - Failed to send telemetry event CollectionAddEvent: capture() takes 1 positional argument but 3 were given
2025-11-01 17:20:01,016 - utils.logger - INFO - Loading real estate knowledge base from real_estate_data.csv...
2025-11-01 17:20:01,114 - sentence_transformers.SentenceTransformer - INFO - Use pytorch device_name: mps
2025-11-01 17:20:01,114 - sentence_transformers.SentenceTransformer - INFO - Load pretrained SentenceTransformer: all-MiniLM-L6-v2
2025-11-01 17:20:04,552 - chromadb.telemetry.posthog - ERROR - Failed to send telemetry event ClientStartEvent: capture() takes 1 positional argument but 3 were given
2025-11-01 17:20:04,562 - chromadb.telemetry.posthog - ERROR - Failed to send telemetry event ClientCreateCollectionEvent: capture() takes 1 positional argument but 3 were given
2025-11-01 17:20:07,651 - chromadb.telemetry.posthog - ERROR - Failed to send telemetry event CollectionAddEvent: capture() takes 1 positional argument but 3 were given
2025-11-01 17:20:11,395 - chromadb.telemetry.posthog - ERROR - Failed to send telemetry event CollectionAddEvent: capture() takes 1 positional argument but 3 were given
2025-11-01 17:20:14,566 - chromadb.telemetry.posthog - ERROR - Failed to send telemetry event CollectionAddEvent: capture() takes 1 positional argument but 3 were given
2025-11-01 17:20:18,361 - chromadb.telemetry.posthog - ERROR - Failed to send telemetry event CollectionAddEvent: capture() takes 1 positional argument but 3 were given
2025-11-01 17:20:22,490 - chromadb.telemetry.posthog - ERROR - Failed to send telemetry event CollectionAddEvent: capture() takes 1 positional argument but 3 were given
2025-11-01 17:20:29,634 - chromadb.telemetry.posthog - ERROR - Failed to send telemetry event CollectionAddEvent: capture() takes 1 positional argument but 3 were given
2025-11-01 17:20:33,714 - chromadb.telemetry.posthog - ERROR - Failed to send telemetry event CollectionAddEvent: capture() takes 1 positional argument but 3 were given
2025-11-01 17:20:37,254 - chromadb.telemetry.posthog - ERROR - Failed to send telemetry event CollectionAddEvent: capture() takes 1 positional argument but 3 were given
2025-11-01 17:20:40,849 - chromadb.telemetry.posthog - ERROR - Failed to send telemetry event CollectionAddEvent: capture() takes 1 positional argument but 3 were given
2025-11-01 17:20:45,885 - chromadb.telemetry.posthog - ERROR - Failed to send telemetry event CollectionAddEvent: capture() takes 1 positional argument but 3 were given
2025-11-01 17:20:50,044 - chromadb.telemetry.posthog - ERROR - Failed to send telemetry event CollectionAddEvent: capture() takes 1 positional argument but 3 were given
2025-11-01 17:20:53,722 - chromadb.telemetry.posthog - ERROR - Failed to send telemetry event CollectionAddEvent: capture() takes 1 positional argument but 3 were given
2025-11-01 17:20:58,073 - chromadb.telemetry.posthog - ERROR - Failed to send telemetry event CollectionAddEvent: capture() takes 1 positional argument but 3 were given
2025-11-01 17:21:03,541 - chromadb.telemetry.posthog - ERROR - Failed to send telemetry event CollectionAddEvent: capture() takes 1 positional argument but 3 were given
2025-11-01 17:21:12,015 - chromadb.telemetry.posthog - ERROR - Failed to send telemetry event CollectionAddEvent: capture() takes 1 positional argument but 3 were given
2025-11-01 17:21:18,091 - chromadb.telemetry.posthog - ERROR - Failed to send telemetry event CollectionAddEvent: capture() takes 1 positional argument but 3 were given
2025-11-01 17:21:26,279 - chromadb.telemetry.posthog - ERROR - Failed to send telemetry event CollectionAddEvent: capture() takes 1 positional argument but 3 were given
2025-11-01 17:21:33,386 - chromadb.telemetry.posthog - ERROR - Failed to send telemetry event CollectionAddEvent: capture() takes 1 positional argument but 3 were given
2025-11-01 17:21:40,269 - chromadb.telemetry.posthog - ERROR - Failed to send telemetry event CollectionAddEvent: capture() takes 1 positional argument but 3 were given
